2026-08-06 17:01:48  INFO      ueris.storage  Maintenance run complete: {'cache_purged': 0, 'processed_archived': 0, 'timestamp': '2026-08-06T11:31:48.458605+00:00'}
2026-08-06 17:05:58  INFO      ueris.storage  Saved model models\Ahmedabad\forecaster__RandomForest__6h.joblib (349.8 KB)
2026-08-06 17:05:59  INFO      ueris.storage  Saved model models\Ahmedabad\forecaster__RandomForest__12h.joblib (349.8 KB)
2026-08-06 17:06:01  INFO      ueris.storage  Saved model models\Ahmedabad\forecaster__RandomForest__24h.joblib (349.8 KB)
2026-08-06 17:06:03  INFO      ueris.storage  Saved model models\Ahmedabad\forecaster__RandomForest__7d.joblib (768.7 KB)
2026-08-06 17:06:04  INFO      ueris.storage  Saved model models\Ahmedabad\anomaly_ensemble__AnomalyEnsemble__realtime.joblib (1031.1 KB)
2026-08-06 17:06:06  INFO      ueris.storage  Saved model models\Aizawl\forecaster__RandomForest__6h.joblib (94.4 KB)
2026-08-06 17:06:08  INFO      ueris.storage  Saved model models\Aizawl\forecaster__RandomForest__12h.joblib (94.4 KB)
2026-08-06 17:06:09  INFO      ueris.storage  Saved model models\Aizawl\forecaster__RandomForest__24h.joblib (94.4 KB)
2026-08-06 17:06:11  INFO      ueris.storage  Saved model models\Aizawl\forecaster__RandomForest__7d.joblib (116.0 KB)
2026-08-06 17:06:12  INFO      ueris.storage  Saved model models\Aizawl\anomaly_ensemble__AnomalyEnsemble__realtime.joblib (279.2 KB)
2026-08-06 17:06:14  INFO      ueris.storage  Saved model models\Amaravati\forecaster__RandomForest__6h.joblib (557.9 KB)
2026-08-06 17:06:16  INFO      ueris.storage  Saved model models\Amaravati\forecaster__RandomForest__12h.joblib (557.9 KB)
2026-08-06 17:06:19  INFO      ueris.storage  Saved model models\Amaravati\forecaster__RandomForest__24h.joblib (557.9 KB)
2026-08-06 17:06:20  INFO      ueris.storage  Saved model models\Amaravati\forecaster__RandomForest__7d.joblib (627.9 KB)
2026-08-06 17:06:21  INFO      ueris.storage  Saved model models\Amaravati\anomaly_ensemble__AnomalyEnsemble__realtime.joblib (929.3 KB)
2026-08-06 17:06:24  INFO      ueris.storage  Saved model models\Amritsar\forecaster__RandomForest__6h.joblib (553.8 KB)
2026-08-06 17:06:26  INFO      ueris.storage  Saved model models\Amritsar\forecaster__RandomForest__12h.joblib (553.8 KB)
2026-08-06 17:06:28  INFO      ueris.storage  Saved model models\Amritsar\forecaster__RandomForest__24h.joblib (553.8 KB)
2026-08-06 17:06:30  INFO      ueris.storage  Saved model models\Amritsar\forecaster__RandomForest__7d.joblib (616.8 KB)
2026-08-06 17:06:31  INFO      ueris.storage  Saved model models\Amritsar\anomaly_ensemble__AnomalyEnsemble__realtime.joblib (931.9 KB)
2026-08-06 17:06:35  INFO      ueris.storage  Saved model models\Bengaluru\forecaster__RandomForest__6h.joblib (734.4 KB)
2026-08-06 17:06:37  INFO      ueris.storage  Saved model models\Bengaluru\forecaster__RandomForest__12h.joblib (734.4 KB)
2026-08-06 17:06:40  INFO      ueris.storage  Saved model models\Bengaluru\forecaster__RandomForest__24h.joblib (734.4 KB)
2026-08-06 17:06:42  INFO      ueris.storage  Saved model models\Bengaluru\forecaster__RandomForest__7d.joblib (770.8 KB)
2026-08-06 17:06:43  INFO      ueris.storage  Saved model models\Bengaluru\anomaly_ensemble__AnomalyEnsemble__realtime.joblib (916.2 KB)
2026-08-06 17:06:46  INFO      ueris.storage  Saved model models\Bhopal\forecaster__RandomForest__6h.joblib (306.5 KB)
2026-08-06 17:06:47  INFO      ueris.storage  Saved model models\Bhopal\forecaster__RandomForest__12h.joblib (306.5 KB)
2026-08-06 17:06:49  INFO      ueris.storage  Saved model models\Bhopal\forecaster__RandomForest__24h.joblib (306.5 KB)
2026-08-06 17:06:51  INFO      ueris.storage  Saved model models\Bhopal\forecaster__RandomForest__7d.joblib (331.0 KB)
2026-08-06 17:06:51  INFO      ueris.storage  Saved model models\Bhopal\anomaly_ensemble__AnomalyEnsemble__realtime.joblib (760.7 KB)
2026-08-06 17:06:54  INFO      ueris.storage  Saved model models\Brajrajnagar\forecaster__RandomForest__6h.joblib (552.0 KB)
2026-08-06 17:06:56  INFO      ueris.storage  Saved model models\Brajrajnagar\forecaster__RandomForest__12h.joblib (552.0 KB)
2026-08-06 17:06:58  INFO      ueris.storage  Saved model models\Brajrajnagar\forecaster__RandomForest__24h.joblib (552.0 KB)
2026-08-06 17:07:00  INFO      ueris.storage  Saved model models\Brajrajnagar\forecaster__RandomForest__7d.joblib (591.7 KB)
2026-08-06 17:07:01  INFO      ueris.storage  Saved model models\Brajrajnagar\anomaly_ensemble__AnomalyEnsemble__realtime.joblib (925.1 KB)
2026-08-06 17:07:03  INFO      ueris.storage  Saved model models\Chandigarh\forecaster__RandomForest__6h.joblib (334.2 KB)
2026-08-06 17:07:05  INFO      ueris.storage  Saved model models\Chandigarh\forecaster__RandomForest__12h.joblib (334.2 KB)
2026-08-06 17:07:07  INFO      ueris.storage  Saved model models\Chandigarh\forecaster__RandomForest__24h.joblib (334.2 KB)
2026-08-06 17:07:08  INFO      ueris.storage  Saved model models\Chandigarh\forecaster__RandomForest__7d.joblib (344.2 KB)
2026-08-06 17:07:09  INFO      ueris.storage  Saved model models\Chandigarh\anomaly_ensemble__AnomalyEnsemble__realtime.joblib (797.8 KB)
2026-08-06 17:07:12  INFO      ueris.storage  Saved model models\Chennai\forecaster__RandomForest__6h.joblib (323.1 KB)
2026-08-06 17:07:14  INFO      ueris.storage  Saved model models\Chennai\forecaster__RandomForest__12h.joblib (323.1 KB)
2026-08-06 17:07:16  INFO      ueris.storage  Saved model models\Chennai\forecaster__RandomForest__24h.joblib (323.1 KB)
2026-08-06 17:07:18  INFO      ueris.storage  Saved model models\Chennai\forecaster__RandomForest__7d.joblib (843.7 KB)
2026-08-06 17:07:19  INFO      ueris.storage  Saved model models\Chennai\anomaly_ensemble__AnomalyEnsemble__realtime.joblib (990.2 KB)
2026-08-06 17:07:21  INFO      ueris.storage  Saved model models\Coimbatore\forecaster__RandomForest__6h.joblib (226.7 KB)
2026-08-06 17:07:23  INFO      ueris.storage  Saved model models\Coimbatore\forecaster__RandomForest__12h.joblib (226.7 KB)
2026-08-06 17:07:25  INFO      ueris.storage  Saved model models\Coimbatore\forecaster__RandomForest__24h.joblib (226.7 KB)
2026-08-06 17:07:27  INFO      ueris.storage  Saved model models\Coimbatore\forecaster__RandomForest__7d.joblib (348.9 KB)
2026-08-06 17:07:28  INFO      ueris.storage  Saved model models\Coimbatore\anomaly_ensemble__AnomalyEnsemble__realtime.joblib (838.5 KB)
2026-08-06 17:07:31  INFO      ueris.storage  Saved model models\Delhi\forecaster__RandomForest__6h.joblib (980.9 KB)
2026-08-06 17:07:34  INFO      ueris.storage  Saved model models\Delhi\forecaster__RandomForest__12h.joblib (980.9 KB)
2026-08-06 17:07:37  INFO      ueris.storage  Saved model models\Delhi\forecaster__RandomForest__24h.joblib (980.9 KB)
2026-08-06 17:07:39  INFO      ueris.storage  Saved model models\Delhi\forecaster__RandomForest__7d.joblib (1019.9 KB)
2026-08-06 17:07:39  INFO      ueris.storage  Saved model models\Delhi\anomaly_ensemble__AnomalyEnsemble__realtime.joblib (1040.9 KB)
2026-08-06 17:07:42  INFO      ueris.storage  Saved model models\Ernakulam\forecaster__RandomForest__6h.joblib (115.2 KB)
2026-08-06 17:07:43  INFO      ueris.storage  Saved model models\Ernakulam\forecaster__RandomForest__12h.joblib (115.2 KB)
2026-08-06 17:07:45  INFO      ueris.storage  Saved model models\Ernakulam\forecaster__RandomForest__24h.joblib (115.2 KB)
2026-08-06 17:07:47  INFO      ueris.storage  Saved model models\Ernakulam\forecaster__RandomForest__7d.joblib (178.6 KB)
2026-08-06 17:07:48  INFO      ueris.storage  Saved model models\Ernakulam\anomaly_ensemble__AnomalyEnsemble__realtime.joblib (519.3 KB)
2026-08-06 17:07:50  INFO      ueris.storage  Saved model models\Gurugram\forecaster__RandomForest__6h.joblib (153.0 KB)
2026-08-06 17:07:52  INFO      ueris.storage  Saved model models\Gurugram\forecaster__RandomForest__12h.joblib (153.0 KB)
2026-08-06 17:07:53  INFO      ueris.storage  Saved model models\Gurugram\forecaster__RandomForest__24h.joblib (153.0 KB)
2026-08-06 17:07:55  INFO      ueris.storage  Saved model models\Gurugram\forecaster__RandomForest__7d.joblib (840.9 KB)
2026-08-06 17:07:56  INFO      ueris.storage  Saved model models\Gurugram\anomaly_ensemble__AnomalyEnsemble__realtime.joblib (1037.0 KB)
2026-08-06 17:07:59  INFO      ueris.storage  Saved model models\Guwahati\forecaster__RandomForest__6h.joblib (511.2 KB)
2026-08-06 17:08:00  INFO      ueris.storage  Saved model models\Guwahati\forecaster__RandomForest__12h.joblib (511.2 KB)
2026-08-06 17:08:02  INFO      ueris.storage  Saved model models\Guwahati\forecaster__RandomForest__24h.joblib (511.2 KB)
2026-08-06 17:08:04  INFO      ueris.storage  Saved model models\Guwahati\forecaster__RandomForest__7d.joblib (524.8 KB)
2026-08-06 17:08:05  INFO      ueris.storage  Saved model models\Guwahati\anomaly_ensemble__AnomalyEnsemble__realtime.joblib (891.6 KB)
2026-08-06 17:08:09  INFO      ueris.storage  Saved model models\Hyderabad\forecaster__RandomForest__6h.joblib (935.4 KB)
2026-08-06 17:08:12  INFO      ueris.storage  Saved model models\Hyderabad\forecaster__RandomForest__12h.joblib (935.4 KB)
2026-08-06 17:08:15  INFO      ueris.storage  Saved model models\Hyderabad\forecaster__RandomForest__24h.joblib (935.4 KB)
2026-08-06 17:08:17  INFO      ueris.storage  Saved model models\Hyderabad\forecaster__RandomForest__7d.joblib (926.4 KB)
2026-08-06 17:08:18  INFO      ueris.storage  Saved model models\Hyderabad\anomaly_ensemble__AnomalyEnsemble__realtime.joblib (917.7 KB)
2026-08-06 17:08:21  INFO      ueris.storage  Saved model models\Jaipur\forecaster__RandomForest__6h.joblib (780.9 KB)
2026-08-06 17:08:23  INFO      ueris.storage  Saved model models\Jaipur\forecaster__RandomForest__12h.joblib (780.9 KB)
2026-08-06 17:08:26  INFO      ueris.storage  Saved model models\Jaipur\forecaster__RandomForest__24h.joblib (780.9 KB)
2026-08-06 17:08:28  INFO      ueris.storage  Saved model models\Jaipur\forecaster__RandomForest__7d.joblib (843.9 KB)
2026-08-06 17:08:29  INFO      ueris.storage  Saved model models\Jaipur\anomaly_ensemble__AnomalyEnsemble__realtime.joblib (931.2 KB)
2026-08-06 17:08:31  INFO      ueris.storage  Saved model models\Jorapokhar\forecaster__RandomForest__6h.joblib (163.7 KB)
2026-08-06 17:08:33  INFO      ueris.storage  Saved model models\Jorapokhar\forecaster__RandomForest__12h.joblib (163.7 KB)
2026-08-06 17:08:34  INFO      ueris.storage  Saved model models\Jorapokhar\forecaster__RandomForest__24h.joblib (163.7 KB)
2026-08-06 17:08:36  INFO      ueris.storage  Saved model models\Jorapokhar\forecaster__RandomForest__7d.joblib (559.1 KB)
2026-08-06 17:08:37  INFO      ueris.storage  Saved model models\Jorapokhar\anomaly_ensemble__AnomalyEnsemble__realtime.joblib (920.6 KB)
2026-08-06 17:08:39  INFO      ueris.storage  Saved model models\Kochi\forecaster__RandomForest__6h.joblib (162.5 KB)
2026-08-06 17:08:41  INFO      ueris.storage  Saved model models\Kochi\forecaster__RandomForest__12h.joblib (162.5 KB)
2026-08-06 17:08:43  INFO      ueris.storage  Saved model models\Kochi\forecaster__RandomForest__24h.joblib (162.5 KB)
2026-08-06 17:08:44  INFO      ueris.storage  Saved model models\Kochi\forecaster__RandomForest__7d.joblib (189.0 KB)
2026-08-06 17:08:45  INFO      ueris.storage  Saved model models\Kochi\anomaly_ensemble__AnomalyEnsemble__realtime.joblib (529.5 KB)
2026-08-06 17:08:48  INFO      ueris.storage  Saved model models\Kolkata\forecaster__RandomForest__6h.joblib (444.9 KB)
2026-08-06 17:08:50  INFO      ueris.storage  Saved model models\Kolkata\forecaster__RandomForest__12h.joblib (444.9 KB)
2026-08-06 17:08:52  INFO      ueris.storage  Saved model models\Kolkata\forecaster__RandomForest__24h.joblib (444.9 KB)
2026-08-06 17:08:53  INFO      ueris.storage  Saved model models\Kolkata\forecaster__RandomForest__7d.joblib (634.9 KB)
2026-08-06 17:08:54  INFO      ueris.storage  Saved model models\Kolkata\anomaly_ensemble__AnomalyEnsemble__realtime.joblib (963.7 KB)
2026-08-06 17:08:57  INFO      ueris.storage  Saved model models\Lucknow\forecaster__RandomForest__6h.joblib (871.8 KB)
2026-08-06 17:08:59  INFO      ueris.storage  Saved model models\Lucknow\forecaster__RandomForest__12h.joblib (871.8 KB)
2026-08-06 17:09:02  INFO      ueris.storage  Saved model models\Lucknow\forecaster__RandomForest__24h.joblib (871.8 KB)
2026-08-06 17:09:04  INFO      ueris.storage  Saved model models\Lucknow\forecaster__RandomForest__7d.joblib (1145.0 KB)
2026-08-06 17:09:05  INFO      ueris.storage  Saved model models\Lucknow\anomaly_ensemble__AnomalyEnsemble__realtime.joblib (1008.5 KB)
2026-08-06 17:09:08  INFO      ueris.storage  Saved model models\Mumbai\forecaster__RandomForest__6h.joblib (444.9 KB)
2026-08-06 17:09:10  INFO      ueris.storage  Saved model models\Mumbai\forecaster__RandomForest__12h.joblib (444.9 KB)
2026-08-06 17:09:12  INFO      ueris.storage  Saved model models\Mumbai\forecaster__RandomForest__24h.joblib (444.9 KB)
2026-08-06 17:09:14  INFO      ueris.storage  Saved model models\Mumbai\forecaster__RandomForest__7d.joblib (640.1 KB)
2026-08-06 17:09:15  INFO      ueris.storage  Saved model models\Mumbai\anomaly_ensemble__AnomalyEnsemble__realtime.joblib (885.9 KB)
2026-08-06 17:09:17  INFO      ueris.storage  Saved model models\Patna\forecaster__RandomForest__6h.joblib (248.1 KB)
2026-08-06 17:09:19  INFO      ueris.storage  Saved model models\Patna\forecaster__RandomForest__12h.joblib (248.1 KB)
2026-08-06 17:09:21  INFO      ueris.storage  Saved model models\Patna\forecaster__RandomForest__24h.joblib (248.1 KB)
2026-08-06 17:09:23  INFO      ueris.storage  Saved model models\Patna\forecaster__RandomForest__7d.joblib (984.7 KB)
2026-08-06 17:09:24  INFO      ueris.storage  Saved model models\Patna\anomaly_ensemble__AnomalyEnsemble__realtime.joblib (966.3 KB)
2026-08-06 17:09:26  INFO      ueris.storage  Saved model models\Shillong\forecaster__RandomForest__6h.joblib (240.9 KB)
2026-08-06 17:09:28  INFO      ueris.storage  Saved model models\Shillong\forecaster__RandomForest__12h.joblib (240.9 KB)
2026-08-06 17:09:30  INFO      ueris.storage  Saved model models\Shillong\forecaster__RandomForest__24h.joblib (240.9 KB)
2026-08-06 17:09:31  INFO      ueris.storage  Saved model models\Shillong\forecaster__RandomForest__7d.joblib (244.9 KB)
2026-08-06 17:09:32  INFO      ueris.storage  Saved model models\Shillong\anomaly_ensemble__AnomalyEnsemble__realtime.joblib (641.8 KB)
2026-08-06 17:09:34  INFO      ueris.storage  Saved model models\Talcher\forecaster__RandomForest__6h.joblib (140.9 KB)
2026-08-06 17:09:36  INFO      ueris.storage  Saved model models\Talcher\forecaster__RandomForest__12h.joblib (140.9 KB)
2026-08-06 17:09:38  INFO      ueris.storage  Saved model models\Talcher\forecaster__RandomForest__24h.joblib (140.9 KB)
2026-08-06 17:09:40  INFO      ueris.storage  Saved model models\Talcher\forecaster__RandomForest__7d.joblib (547.5 KB)
2026-08-06 17:09:41  INFO      ueris.storage  Saved model models\Talcher\anomaly_ensemble__AnomalyEnsemble__realtime.joblib (917.5 KB)
2026-08-06 17:09:44  INFO      ueris.storage  Saved model models\Thiruvananthapuram\forecaster__RandomForest__6h.joblib (660.2 KB)
2026-08-06 17:09:46  INFO      ueris.storage  Saved model models\Thiruvananthapuram\forecaster__RandomForest__12h.joblib (660.2 KB)
2026-08-06 17:09:48  INFO      ueris.storage  Saved model models\Thiruvananthapuram\forecaster__RandomForest__24h.joblib (660.2 KB)
2026-08-06 17:09:50  INFO      ueris.storage  Saved model models\Thiruvananthapuram\forecaster__RandomForest__7d.joblib (785.5 KB)
2026-08-06 17:09:51  INFO      ueris.storage  Saved model models\Thiruvananthapuram\anomaly_ensemble__AnomalyEnsemble__realtime.joblib (858.9 KB)
2026-08-06 17:09:54  INFO      ueris.storage  Saved model models\Visakhapatnam\forecaster__RandomForest__6h.joblib (766.5 KB)
2026-08-06 17:09:56  INFO      ueris.storage  Saved model models\Visakhapatnam\forecaster__RandomForest__12h.joblib (766.5 KB)
2026-08-06 17:09:59  INFO      ueris.storage  Saved model models\Visakhapatnam\forecaster__RandomForest__24h.joblib (766.5 KB)
2026-08-06 17:10:01  INFO      ueris.storage  Saved model models\Visakhapatnam\forecaster__RandomForest__7d.joblib (682.3 KB)
2026-08-06 17:10:02  INFO      ueris.storage  Saved model models\Visakhapatnam\anomaly_ensemble__AnomalyEnsemble__realtime.joblib (962.3 KB)
